Microchip MPLAB XC8 Compiler V2.10 ()

Linker command line:

-W-3 --edf=C:\Program Files (x86)\Microchip\xc8\v2.10\pic\dat\en_msgs.txt \
  -cs -h+dist/default/production\01_Application.production.sym \
  --cmf=dist/default/production\01_Application.production.cmf -z -Q18F4620 \
  -oC:\Users\AHMED~1.ELG\AppData\Local\Temp\s3qo.2 --defsym=__MPLAB_BUILD=1 \
  -Mdist/default/production/01_Application.production.map -E1 -ver=XC8 \
  --acfsm=1493 -ASTACK=080h-0F7Fh -pstack=STACK -ACODE=00h-0FFFFh \
  -ACONST=00h-0FFFFh -ASMALLCONST=01000h-010FFhx240 \
  -AMEDIUMCONST=01000h-0FFFFh -ACOMRAM=01h-07Fh -AABS1=00h-0F7Fh \
  -ABIGRAM=01h-0F7Fh -ARAM=080h-0FFh,0100h-01FFhx14,0F00h-0F7Fh \
  -ABANK0=080h-0FFh -ABANK1=0100h-01FFh -ABANK2=0200h-02FFh \
  -ABANK3=0300h-03FFh -ABANK4=0400h-04FFh -ABANK5=0500h-05FFh \
  -ABANK6=0600h-06FFh -ABANK7=0700h-07FFh -ABANK8=0800h-08FFh \
  -ABANK9=0900h-09FFh -ABANK10=0A00h-0AFFh -ABANK11=0B00h-0BFFh \
  -ABANK12=0C00h-0CFFh -ABANK13=0D00h-0DFFh -ABANK14=0E00h-0EFFh \
  -ABANK15=0F00h-0F7Fh -ASFR=0F80h-0FFFh \
  -preset_vec=00h,intcode,intcodelo,powerup,init -pramtop=01000h \
  -psmallconst=SMALLCONST -pmediumconst=MEDIUMCONST -pconst=CONST \
  -AFARRAM=00h-00h -ACONFIG=0300000h-030000Dh -pconfig=CONFIG \
  -AIDLOC=0200000h-0200007h -pidloc=IDLOC -AEEDATA=0F00000h-0F003FFh \
  -peeprom_data=EEDATA \
  -prdata=COMRAM,nvrram=COMRAM,nvbit=COMRAM,rbss=COMRAM,rbit=COMRAM \
  -pfarbss=FARRAM,fardata=FARRAM,nvFARRAM=FARRAM \
  -pintsave_regs=BIGRAM,bigbss=BIGRAM,bigdata=BIGRAM -pbss=RAM \
  -pidata=CODE,irdata=CODE,ibigdata=CODE,ifardata=CODE -prparam=COMRAM \
  C:\Users\AHMED~1.ELG\AppData\Local\Temp\s3qo.o \
  dist/default/production\01_Application.production.o 

Object code version is 3.11

Machine type is 18F4620

Call graph: (short form)




                Name                               Link     Load   Length Selector   Space Scale
C:\Users\AHMED~1.ELG\AppData\Local\Temp\s3qo.o
                init                                  0        0        4        0       0
                idloc                            200000   200000        8   200000       0
                config                           300000   300000        E   300000       0
dist/default/production\01_Application.production.o
                smallconst                         1000     1000       96      800       0
                text14                             14FC     14FC       C8      84B       0
                text13                             16F4     16F4       92      84B       0
                text12                             197C     197C       3C      84B       0
                text11                             1434     1434       C8      84B       0
                text10                             18DA     18DA       56      84B       0
                text9                              1808     1808       70      84B       0
                text8                              12B6     12B6      17E      84B       0
                text7                              1A12     1A12        E      84B       0
                text6                              1A04     1A04        E      84B       0
                text5                              1878     1878       62      84B       0
                text4                              15C4     15C4       9A      84B       0
                text3                              1930     1930       4C      84B       0
                text2                              165E     165E       96      84B       0
                text1                              1786     1786       82      84B       0
                text0                              1096     1096      220      84B       0
                cstackCOMRAM                          1        1       29        1       1
                dataCOMRAM                           2A       2A       22        1       1
                cinit                              19B8     19B8       2A      84B       0
                idataCOMRAM                        19E2     19E2       22      84B       0

TOTAL           Name                               Link     Load   Length     Space
        CLASS   STACK          

        CLASS   CODE           
                init                                  0        0        4         0
                text14                             14FC     14FC       C8         0
                text13                             16F4     16F4       92         0
                text12                             197C     197C       3C         0
                text11                             1434     1434       C8         0
                text10                             18DA     18DA       56         0
                text9                              1808     1808       70         0
                text8                              12B6     12B6      17E         0
                text7                              1A12     1A12        E         0
                text6                              1A04     1A04        E         0
                text5                              1878     1878       62         0
                text4                              15C4     15C4       9A         0
                text3                              1930     1930       4C         0
                text2                              165E     165E       96         0
                text1                              1786     1786       82         0
                text0                              1096     1096      220         0
                cinit                              19B8     19B8       2A         0
                idataCOMRAM                        19E2     19E2       22         0

        CLASS   CONST          

        CLASS   SMALLCONST     
                smallconst                         1000     1000       96         0

        CLASS   MEDIUMCONST    

        CLASS   COMRAM         
                cstackCOMRAM                          1        1       29         1
                dataCOMRAM                           2A       2A       22         1

        CLASS   ABS1           

        CLASS   BIGRAM         

        CLASS   RAM            

        CLASS   BANK0          

        CLASS   BANK1          

        CLASS   BANK2          

        CLASS   BANK3          

        CLASS   BANK4          

        CLASS   BANK5          

        CLASS   BANK6          

        CLASS   BANK7          

        CLASS   BANK8          

        CLASS   BANK9          

        CLASS   BANK10         

        CLASS   BANK11         

        CLASS   BANK12         

        CLASS   BANK13         

        CLASS   BANK14         

        CLASS   BANK15         

        CLASS   SFR            

        CLASS   FARRAM         

        CLASS   CONFIG         
                config                           300000   300000        E         0

        CLASS   IDLOC          
                idloc                            200000   200000        8         0

        CLASS   EEDATA         



SEGMENTS        Name                           Load    Length   Top    Selector   Space  Class

                reset_vec                      000000  000004  000004         0       0  CODE    
                cstackCOMRAM                   000001  00004B  00004C         1       1  COMRAM  
                smallconst                     001000  000096  001096       800       0  SMALLCON
                text0                          001096  00098A  001A20       84B       0  CODE    
                idloc                          200000  000008  200008    200000       0  IDLOC   
                config                         300000  00000E  30000E    300000       0  CONFIG  


UNUSED ADDRESS RANGES

        Name                Unused          Largest block    Delta
        BANK0            000080-0000FF               80
        BANK1            000100-0001FF              100
        BANK10           000A00-000AFF              100
        BANK11           000B00-000BFF              100
        BANK12           000C00-000CFF              100
        BANK13           000D00-000DFF              100
        BANK14           000E00-000EFF              100
        BANK15           000F00-000F7F               80
        BANK2            000200-0002FF              100
        BANK3            000300-0003FF              100
        BANK4            000400-0004FF              100
        BANK5            000500-0005FF              100
        BANK6            000600-0006FF              100
        BANK7            000700-0007FF              100
        BANK8            000800-0008FF              100
        BANK9            000900-0009FF              100
        BIGRAM           00004C-000F7F              F34
        CODE             000004-000FFF              FFC
                         001A20-00FFFF             E5E0
        COMRAM           00004C-00007F               34
        CONST            000004-000FFF              FFC
                         001A20-00FFFF             E5E0
        EEDATA           F00000-F003FF              400
        MEDIUMCONST      001A20-00FFFF             E5E0
        RAM              000080-000F7F              100
        SFR              000F80-000FFF               80
        SMALLCONST       001A20-00FFFF              100
        STACK            000080-000F7F              F00

                                  Symbol Table

_LATA                                   (abs)        000F89
_LATB                                   (abs)        000F8A
_LATC                                   (abs)        000F8B
_LATD                                   (abs)        000F8C
_LATE                                   (abs)        000F8D
_PORTA                                  (abs)        000F80
_PORTB                                  (abs)        000F81
_PORTC                                  (abs)        000F82
_PORTD                                  (abs)        000F83
_PORTE                                  (abs)        000F84
_Shab                                   smallconst   001051
_TRISA                                  (abs)        000F92
_TRISB                                  (abs)        000F93
_TRISC                                  (abs)        000F94
_TRISD                                  (abs)        000F95
_TRISE                                  (abs)        000F96
__CFG_BOREN$OFF                         (abs)        000000
__CFG_BORV$1                            (abs)        000000
__CFG_CCP2MX$PORTC                      (abs)        000000
__CFG_CP0$OFF                           (abs)        000000
__CFG_CP1$OFF                           (abs)        000000
__CFG_CP2$OFF                           (abs)        000000
__CFG_CP3$OFF                           (abs)        000000
__CFG_CPB$OFF                           (abs)        000000
__CFG_CPD$OFF                           (abs)        000000
__CFG_EBTR0$OFF                         (abs)        000000
__CFG_EBTR1$OFF                         (abs)        000000
__CFG_EBTR2$OFF                         (abs)        000000
__CFG_EBTR3$OFF                         (abs)        000000
__CFG_EBTRB$OFF                         (abs)        000000
__CFG_FCMEN$OFF                         (abs)        000000
__CFG_IESO$OFF                          (abs)        000000
__CFG_LPT1OSC$OFF                       (abs)        000000
__CFG_LVP$OFF                           (abs)        000000
__CFG_MCLRE$ON                          (abs)        000000
__CFG_OSC$HS                            (abs)        000000
__CFG_PBADEN$ON                         (abs)        000000
__CFG_PWRT$OFF                          (abs)        000000
__CFG_STVREN$ON                         (abs)        000000
__CFG_WDT$OFF                           (abs)        000000
__CFG_WDTPS$32768                       (abs)        000000
__CFG_WRT0$OFF                          (abs)        000000
__CFG_WRT1$OFF                          (abs)        000000
__CFG_WRT2$OFF                          (abs)        000000
__CFG_WRT3$OFF                          (abs)        000000
__CFG_WRTB$OFF                          (abs)        000000
__CFG_WRTC$OFF                          (abs)        000000
__CFG_WRTD$OFF                          (abs)        000000
__CFG_XINST$OFF                         (abs)        000000
__HRAM                                  (abs)        000000
__Habs1                                 abs1         000000
__Hbank0                                bank0        000000
__Hbank1                                bank1        000000
__Hbank10                               bank10       000000
__Hbank11                               bank11       000000
__Hbank12                               bank12       000000
__Hbank13                               bank13       000000
__Hbank14                               bank14       000000
__Hbank15                               bank15       000000
__Hbank2                                bank2        000000
__Hbank3                                bank3        000000
__Hbank4                                bank4        000000
__Hbank5                                bank5        000000
__Hbank6                                bank6        000000
__Hbank7                                bank7        000000
__Hbank8                                bank8        000000
__Hbank9                                bank9        000000
__Hbigbss                               bigbss       000000
__Hbigdata                              bigdata      000000
__Hbigram                               bigram       000000
__Hbss                                  bss          000000
__Hcinit                                cinit        000000
__Hclrtext                              clrtext      000000
__Hcomram                               comram       000000
__Hconfig                               config       30000E
__Hconst                                const        000000
__HcstackCOMRAM                         cstackCOMRAM 000000
__Hdata                                 data         000000
__HdataCOMRAM                           dataCOMRAM   000000
__Heeprom_data                          eeprom_data  000000
__Hfarbss                               farbss       000000
__Hfardata                              fardata      000000
__Hibigdata                             ibigdata     000000
__Hidata                                idata        000000
__HidataCOMRAM                          idataCOMRAM  000000
__Hidloc                                idloc        200008
__Hifardata                             ifardata     000000
__Hinit                                 init         000004
__Hintcode                              intcode      000000
__Hintcode_body                         intcode_body 000000
__Hintcodelo                            intcodelo    000000
__Hintentry                             intentry     000000
__Hintret                               intret       000000
__Hintsave_regs                         intsave_regs 000000
__Hirdata                               irdata       000000
__Hmediumconst                          mediumconst  000000
__HnvFARRAM                             nvFARRAM     000000
__Hnvbit                                nvbit        000000
__Hnvrram                               nvrram       000000
__Hparam                                rparam       000000
__Hpowerup                              powerup      000000
__Hram                                  ram          000000
__Hramtop                               ramtop       001000
__Hrbit                                 rbit         000000
__Hrbss                                 rbss         000000
__Hrdata                                rdata        000000
__Hreset_vec                            reset_vec    000000
__Hrparam                               rparam       000000
__Hsfr                                  sfr          000000
__Hsmallconst                           smallconst   001096
__Hspace_0                              (abs)        30000E
__Hspace_1                              (abs)        00004C
__Hspace_2                              (abs)        000000
__Hstack                                stack        000000
__Hstruct                               struct       000000
__Htemp                                 temp         000000
__Htext                                 text         000000
__Htext0                                text0        000000
__Htext1                                text1        000000
__Htext10                               text10       000000
__Htext11                               text11       000000
__Htext12                               text12       000000
__Htext13                               text13       000000
__Htext14                               text14       000000
__Htext2                                text2        000000
__Htext3                                text3        000000
__Htext4                                text4        000000
__Htext5                                text5        000000
__Htext6                                text6        000000
__Htext7                                text7        000000
__Htext8                                text8        000000
__Htext9                                text9        000000
__LRAM                                  (abs)        000001
__Labs1                                 abs1         000000
__Lbank0                                bank0        000000
__Lbank1                                bank1        000000
__Lbank10                               bank10       000000
__Lbank11                               bank11       000000
__Lbank12                               bank12       000000
__Lbank13                               bank13       000000
__Lbank14                               bank14       000000
__Lbank15                               bank15       000000
__Lbank2                                bank2        000000
__Lbank3                                bank3        000000
__Lbank4                                bank4        000000
__Lbank5                                bank5        000000
__Lbank6                                bank6        000000
__Lbank7                                bank7        000000
__Lbank8                                bank8        000000
__Lbank9                                bank9        000000
__Lbigbss                               bigbss       000000
__Lbigdata                              bigdata      000000
__Lbigram                               bigram       000000
__Lbss                                  bss          000000
__Lcinit                                cinit        000000
__Lclrtext                              clrtext      000000
__Lcomram                               comram       000000
__Lconfig                               config       300000
__Lconst                                const        000000
__LcstackCOMRAM                         cstackCOMRAM 000000
__Ldata                                 data         000000
__LdataCOMRAM                           dataCOMRAM   000000
__Leeprom_data                          eeprom_data  000000
__Lfarbss                               farbss       000000
__Lfardata                              fardata      000000
__Libigdata                             ibigdata     000000
__Lidata                                idata        000000
__LidataCOMRAM                          idataCOMRAM  000000
__Lidloc                                idloc        200000
__Lifardata                             ifardata     000000
__Linit                                 init         000000
__Lintcode                              intcode      000000
__Lintcode_body                         intcode_body 000000
__Lintcodelo                            intcodelo    000000
__Lintentry                             intentry     000000
__Lintret                               intret       000000
__Lintsave_regs                         intsave_regs 000000
__Lirdata                               irdata       000000
__Lmediumconst                          mediumconst  000000
__LnvFARRAM                             nvFARRAM     000000
__Lnvbit                                nvbit        000000
__Lnvrram                               nvrram       000000
__Lparam                                rparam       000000
__Lpowerup                              powerup      000000
__Lram                                  ram          000000
__Lramtop                               ramtop       001000
__Lrbit                                 rbit         000000
__Lrbss                                 rbss         000000
__Lrdata                                rdata        000000
__Lreset_vec                            reset_vec    000000
__Lrparam                               rparam       000000
__Lsfr                                  sfr          000000
__Lsmallconst                           smallconst   001000
__Lspace_0                              (abs)        000000
__Lspace_1                              (abs)        000000
__Lspace_2                              (abs)        000000
__Lstack                                stack        000000
__Lstruct                               struct       000000
__Ltemp                                 temp         000000
__Ltext                                 text         000000
__Ltext0                                text0        000000
__Ltext1                                text1        000000
__Ltext10                               text10       000000
__Ltext11                               text11       000000
__Ltext12                               text12       000000
__Ltext13                               text13       000000
__Ltext14                               text14       000000
__Ltext2                                text2        000000
__Ltext3                                text3        000000
__Ltext4                                text4        000000
__Ltext5                                text5        000000
__Ltext6                                text6        000000
__Ltext7                                text7        000000
__Ltext8                                text8        000000
__Ltext9                                text9        000000
__S0                                    (abs)        30000E
__S1                                    (abs)        00004C
__S2                                    (abs)        000000
___inthi_sp                             stack        000000
___intlo_sp                             stack        000000
___param_bank                           (abs)        000000
___rparam_used                          (abs)        000001
___sp                                   stack        000000
__accesstop                             (abs)        000080
__activetblptr                          (abs)        000002
__end_of_Shab                           smallconst   001059
__end_of__initialization                cinit        0019D8
__end_of_application_init               text6        001A12
__end_of_blt                            smallconst   001061
__end_of_character1                     smallconst   001029
__end_of_character2                     smallconst   001021
__end_of_character3                     smallconst   001019
__end_of_character4                     smallconst   001011
__end_of_character5                     smallconst   001009
__end_of_character6                     smallconst   001069
__end_of_gpio_pin_direction_intialize   text14       0015C4
__end_of_gpio_pin_write_value           text11       0014FC
__end_of_gpio_port_direction_intialize  text13       001786
__end_of_gpio_port_write_value          text12       0019B8
__end_of_lcd_8bit_intialize             text8        001434
__end_of_lcd_intialize                  text7        001A20
__end_of_lcd_send_char_data             text5        0018DA
__end_of_lcd_send_char_data_pos         text3        00197C
__end_of_lcd_send_command               text9        001878
__end_of_lcd_send_custome_char          text2        0016F4
__end_of_lcd_send_enable                text10       001930
__end_of_lcd_send_string_data_pos       text1        001808
__end_of_lcd_set_cursor                 text4        00165E
__end_of_main                           text0        0012B6
__end_of_mesg1                          smallconst   001039
__end_of_mesg2                          smallconst   001031
__end_of_shab_bat1                      smallconst   001051
__end_of_shab_bat2                      smallconst   001049
__end_of_shab_bat3                      smallconst   001041
__initialization                        cinit        0019B8
__mediumconst                           mediumconst  000000
__pcinit                                cinit        0019B8
__pcstackCOMRAM                         cstackCOMRAM 000001
__pdataCOMRAM                           dataCOMRAM   00002A
__pidataCOMRAM                          idataCOMRAM  0019E2
__psmallconst                           smallconst   001000
__ptext0                                text0        001096
__ptext1                                text1        001786
__ptext10                               text10       0018DA
__ptext11                               text11       001434
__ptext12                               text12       00197C
__ptext13                               text13       0016F4
__ptext14                               text14       0014FC
__ptext2                                text2        00165E
__ptext3                                text3        001930
__ptext4                                text4        0015C4
__ptext5                                text5        001878
__ptext6                                text6        001A04
__ptext7                                text7        001A12
__ptext8                                text8        0012B6
__ptext9                                text9        001808
__ramtop                                ramtop       001000
__size_of_application_init              (abs)        000000
__size_of_gpio_pin_direction_intialize  (abs)        000000
__size_of_gpio_pin_write_value          (abs)        000000
__size_of_gpio_port_direction_intialize (abs)        000000
__size_of_gpio_port_write_value         (abs)        000000
__size_of_lcd_8bit_intialize            (abs)        000000
__size_of_lcd_intialize                 (abs)        000000
__size_of_lcd_send_char_data            (abs)        000000
__size_of_lcd_send_char_data_pos        (abs)        000000
__size_of_lcd_send_command              (abs)        000000
__size_of_lcd_send_custome_char         (abs)        000000
__size_of_lcd_send_enable               (abs)        000000
__size_of_lcd_send_string_data_pos      (abs)        000000
__size_of_lcd_set_cursor                (abs)        000000
__size_of_main                          (abs)        000000
__smallconst                            smallconst   001000
_application_init                       text6        001A04
_blt                                    smallconst   001059
_character1                             smallconst   001021
_character2                             smallconst   001019
_character3                             smallconst   001011
_character4                             smallconst   001009
_character5                             smallconst   001001
_character6                             smallconst   001061
_gpio_pin_direction_intialize           text14       0014FC
_gpio_pin_write_value                   text11       001434
_gpio_port_direction_intialize          text13       0016F4
_gpio_port_write_value                  text12       00197C
_lat_register                           dataCOMRAM   000034
_lcd_1                                  dataCOMRAM   000048
_lcd_8bit_intialize                     text8        0012B6
_lcd_intialize                          text7        001A12
_lcd_send_char_data                     text5        001878
_lcd_send_char_data_pos                 text3        001930
_lcd_send_command                       text9        001808
_lcd_send_custome_char                  text2        00165E
_lcd_send_enable                        text10       0018DA
_lcd_send_string_data_pos               text1        001786
_lcd_set_cursor                         text4        0015C4
_main                                   text0        001096
_mesg1                                  smallconst   001031
_mesg2                                  smallconst   001029
_port_register                          dataCOMRAM   00002A
_shab_bat1                              smallconst   001049
_shab_bat2                              smallconst   001041
_shab_bat3                              smallconst   001039
_tris_register                          dataCOMRAM   00003E
end_of_initialization                   cinit        0019D8
gpio_pin_direction_intialize@direction  cstackCOMRAM 000002
gpio_pin_direction_intialize@pin        cstackCOMRAM 000001
gpio_pin_direction_intialize@port       cstackCOMRAM 000009
gpio_pin_write_value@logic              cstackCOMRAM 000002
gpio_pin_write_value@pin                cstackCOMRAM 000001
gpio_pin_write_value@port               cstackCOMRAM 000009
gpio_port_direction_intialize@direction cstackCOMRAM 000001
gpio_port_direction_intialize@port      cstackCOMRAM 000005
gpio_port_write_value@port              cstackCOMRAM 000005
gpio_port_write_value@value             cstackCOMRAM 000001
intlevel0                               text         000000
intlevel1                               text         000000
intlevel2                               text         000000
intlevel3                               text         000000
lcd_8bit_intialize@_lcd                 cstackCOMRAM 000011
lcd_intialize@_lcd                      cstackCOMRAM 000014
lcd_send_char_data@_data                cstackCOMRAM 00000E
lcd_send_char_data@_lcd                 cstackCOMRAM 00000C
lcd_send_char_data_pos@_data            cstackCOMRAM 00001B
lcd_send_char_data_pos@_lcd             cstackCOMRAM 000017
lcd_send_char_data_pos@coulmn           cstackCOMRAM 00001A
lcd_send_char_data_pos@row              cstackCOMRAM 000019
lcd_send_command@_lcd                   cstackCOMRAM 00000C
lcd_send_command@command                cstackCOMRAM 00000E
lcd_send_custome_char@_lcd              cstackCOMRAM 00001D
lcd_send_custome_char@_pos              cstackCOMRAM 000023
lcd_send_custome_char@arr               cstackCOMRAM 000021
lcd_send_custome_char@coulmn            cstackCOMRAM 000020
lcd_send_custome_char@l_counter         cstackCOMRAM 000027
lcd_send_custome_char@row               cstackCOMRAM 00001F
lcd_send_enable@_lcd                    cstackCOMRAM 00000A
lcd_send_string_data_pos@_data          cstackCOMRAM 00001B
lcd_send_string_data_pos@_lcd           cstackCOMRAM 000017
lcd_send_string_data_pos@coulmn         cstackCOMRAM 00001A
lcd_send_string_data_pos@row            cstackCOMRAM 000019
lcd_set_cursor@_lcd                     cstackCOMRAM 000011
lcd_set_cursor@coulmn                   cstackCOMRAM 000014
lcd_set_cursor@row                      cstackCOMRAM 000013
stackhi                                 (abs)        000F7F
stacklo                                 (abs)        000080
start                                   init         000000
start_initialization                    cinit        0019B8


FUNCTION INFORMATION:

 *************** function _main *****************
 Defined at:
		line 56 in file "application.c"
 Parameters:    Size  Location     Type
		None
 Auto vars:     Size  Location     Type
		None
 Return value:  Size  Location     Type
                  2  265[None  ] int 
 Registers used:
		wreg, fsr2l, fsr2h, status,2, status,0, tblptrl, tblptrh, tblptru, prodl, prodh, cstack
 Tracked objects:
		On entry : 
		On exit  : 
		Unchanged: 
 Data sizes:     COMRAM   BANK0   BANK1   BANK2   BANK3   BANK4   BANK5   BANK6   BANK7   BANK8   BANK9  BANK10  BANK11  BANK12  BANK13  BANK14  BANK15
      Params:         0       0       0       0       0       0       0       0       0       0       0       0       0       0       0       0       0
      Locals:         0       0       0       0       0       0       0       0       0       0       0       0       0       0       0       0       0
      Temps:          2       0       0       0       0       0       0       0       0       0       0       0       0       0       0       0       0
      Totals:         2       0       0       0       0       0       0       0       0       0       0       0       0       0       0       0       0
Total ram usage:        2 bytes
 Hardware stack levels required when called:    6
 This function calls:
		_application_init
		_lcd_send_custome_char
		_lcd_send_string_data_pos
 This function is called by:
		Startup code after reset
 This function uses a non-reentrant model


 *************** function _lcd_send_string_data_pos *****************
 Defined at:
		line 237 in file "ecu/char_lcd/ecu_char_lcd.c"
 Parameters:    Size  Location     Type
  _lcd            2   22[COMRAM] PTR const struct .
		 -> lcd_1(4), 
  row             1   24[COMRAM] unsigned char 
  coulmn          1   25[COMRAM] unsigned char 
  _data           2   26[COMRAM] PTR unsigned char 
		 -> STR_6(5), STR_5(5), STR_4(11), STR_3(5), 
		 -> STR_2(9), STR_1(11), 
 Auto vars:     Size  Location     Type
  ret             1    0        enum E2756
 Return value:  Size  Location     Type
                  1    wreg      enum E2756
 Registers used:
		wreg, fsr2l, fsr2h, status,2, status,0, tblptrl, tblptrh, tblptru, prodl, prodh, cstack
 Tracked objects:
		On entry : 
		On exit  : 
		Unchanged: 
 Data sizes:     COMRAM   BANK0   BANK1   BANK2   BANK3   BANK4   BANK5   BANK6   BANK7   BANK8   BANK9  BANK10  BANK11  BANK12  BANK13  BANK14  BANK15
      Params:         6       0       0       0       0       0       0       0       0       0       0       0       0       0       0       0       0
      Locals:         1       0       0       0       0       0       0       0       0       0       0       0       0       0       0       0       0
      Temps:          0       0       0       0       0       0       0       0       0       0       0       0       0       0       0       0       0
      Totals:         7       0       0       0       0       0       0       0       0       0       0       0       0       0       0       0       0
Total ram usage:        7 bytes
 Hardware stack levels used:    1
 Hardware stack levels required when called:    4
 This function calls:
		_lcd_send_char_data
		_lcd_send_command
		_lcd_set_cursor
 This function is called by:
		_main
 This function uses a non-reentrant model


 *************** function _lcd_send_custome_char *****************
 Defined at:
		line 263 in file "ecu/char_lcd/ecu_char_lcd.c"
 Parameters:    Size  Location     Type
  _lcd            2   28[COMRAM] PTR const struct .
		 -> lcd_1(4), 
  row             1   30[COMRAM] unsigned char 
  coulmn          1   31[COMRAM] unsigned char 
  arr             2   32[COMRAM] PTR const unsigned char 
		 -> mesg2(8), mesg1(8), shab_bat3(8), shab_bat2(8), 
		 -> shab_bat1(8), Shab(8), blt(8), character6(8), 
  _pos            1   34[COMRAM] unsigned char 
 Auto vars:     Size  Location     Type
  l_counter       1   38[COMRAM] unsigned char 
  ret             1    0        enum E2756
 Return value:  Size  Location     Type
                  1    wreg      enum E2756
 Registers used:
		wreg, fsr2l, fsr2h, status,2, status,0, tblptrl, tblptrh, tblptru, prodl, prodh, cstack
 Tracked objects:
		On entry : 
		On exit  : 
		Unchanged: 
 Data sizes:     COMRAM   BANK0   BANK1   BANK2   BANK3   BANK4   BANK5   BANK6   BANK7   BANK8   BANK9  BANK10  BANK11  BANK12  BANK13  BANK14  BANK15
      Params:         7       0       0       0       0       0       0       0       0       0       0       0       0       0       0       0       0
      Locals:         2       0       0       0       0       0       0       0       0       0       0       0       0       0       0       0       0
      Temps:          2       0       0       0       0       0       0       0       0       0       0       0       0       0       0       0       0
      Totals:        11       0       0       0       0       0       0       0       0       0       0       0       0       0       0       0       0
Total ram usage:       11 bytes
 Hardware stack levels used:    1
 Hardware stack levels required when called:    5
 This function calls:
		_lcd_send_char_data
		_lcd_send_char_data_pos
		_lcd_send_command
 This function is called by:
		_main
 This function uses a non-reentrant model


 *************** function _lcd_send_char_data_pos *****************
 Defined at:
		line 194 in file "ecu/char_lcd/ecu_char_lcd.c"
 Parameters:    Size  Location     Type
  _lcd            2   22[COMRAM] PTR const struct .
		 -> lcd_1(4), 
  row             1   24[COMRAM] unsigned char 
  coulmn          1   25[COMRAM] unsigned char 
  _data           1   26[COMRAM] unsigned char 
 Auto vars:     Size  Location     Type
  ret             1    0        enum E2756
 Return value:  Size  Location     Type
                  1    wreg      enum E2756
 Registers used:
		wreg, fsr2l, fsr2h, status,2, status,0, prodl, prodh, cstack
 Tracked objects:
		On entry : 
		On exit  : 
		Unchanged: 
 Data sizes:     COMRAM   BANK0   BANK1   BANK2   BANK3   BANK4   BANK5   BANK6   BANK7   BANK8   BANK9  BANK10  BANK11  BANK12  BANK13  BANK14  BANK15
      Params:         5       0       0       0       0       0       0       0       0       0       0       0       0       0       0       0       0
      Locals:         1       0       0       0       0       0       0       0       0       0       0       0       0       0       0       0       0
      Temps:          0       0       0       0       0       0       0       0       0       0       0       0       0       0       0       0       0
      Totals:         6       0       0       0       0       0       0       0       0       0       0       0       0       0       0       0       0
Total ram usage:        6 bytes
 Hardware stack levels used:    1
 Hardware stack levels required when called:    4
 This function calls:
		_lcd_send_char_data
		_lcd_send_command
		_lcd_set_cursor
 This function is called by:
		_lcd_send_custome_char
 This function uses a non-reentrant model


 *************** function _lcd_set_cursor *****************
 Defined at:
		line 34 in file "ecu/char_lcd/ecu_char_lcd.c"
 Parameters:    Size  Location     Type
  _lcd            2   16[COMRAM] PTR const struct .
		 -> lcd_1(4), 
  row             1   18[COMRAM] unsigned char 
  coulmn          1   19[COMRAM] unsigned char 
 Auto vars:     Size  Location     Type
		None
 Return value:  Size  Location     Type
                  1    wreg      void 
 Registers used:
		wreg, fsr2l, fsr2h, status,2, status,0, prodl, prodh, cstack
 Tracked objects:
		On entry : 
		On exit  : 
		Unchanged: 
 Data sizes:     COMRAM   BANK0   BANK1   BANK2   BANK3   BANK4   BANK5   BANK6   BANK7   BANK8   BANK9  BANK10  BANK11  BANK12  BANK13  BANK14  BANK15
      Params:         4       0       0       0       0       0       0       0       0       0       0       0       0       0       0       0       0
      Locals:         0       0       0       0       0       0       0       0       0       0       0       0       0       0       0       0       0
      Temps:          2       0       0       0       0       0       0       0       0       0       0       0       0       0       0       0       0
      Totals:         6       0       0       0       0       0       0       0       0       0       0       0       0       0       0       0       0
Total ram usage:        6 bytes
 Hardware stack levels used:    1
 Hardware stack levels required when called:    3
 This function calls:
		_lcd_send_command
 This function is called by:
		_lcd_send_char_data_pos
		_lcd_send_string_data_pos
 This function uses a non-reentrant model


 *************** function _lcd_send_char_data *****************
 Defined at:
		line 164 in file "ecu/char_lcd/ecu_char_lcd.c"
 Parameters:    Size  Location     Type
  _lcd            2   11[COMRAM] PTR const struct .
		 -> lcd_1(4), 
  _data           1   13[COMRAM] unsigned char 
 Auto vars:     Size  Location     Type
  ret             1    0        enum E2756
 Return value:  Size  Location     Type
                  1    wreg      enum E2756
 Registers used:
		wreg, fsr2l, fsr2h, status,2, status,0, prodl, prodh, cstack
 Tracked objects:
		On entry : 
		On exit  : 
		Unchanged: 
 Data sizes:     COMRAM   BANK0   BANK1   BANK2   BANK3   BANK4   BANK5   BANK6   BANK7   BANK8   BANK9  BANK10  BANK11  BANK12  BANK13  BANK14  BANK15
      Params:         3       0       0       0       0       0       0       0       0       0       0       0       0       0       0       0       0
      Locals:         1       0       0       0       0       0       0       0       0       0       0       0       0       0       0       0       0
      Temps:          0       0       0       0       0       0       0       0       0       0       0       0       0       0       0       0       0
      Totals:         4       0       0       0       0       0       0       0       0       0       0       0       0       0       0       0       0
Total ram usage:        4 bytes
 Hardware stack levels used:    1
 Hardware stack levels required when called:    2
 This function calls:
		_gpio_pin_write_value
		_gpio_port_write_value
		_lcd_send_enable
 This function is called by:
		_lcd_send_char_data_pos
		_lcd_send_string_data_pos
		_lcd_send_custome_char
		_lcd_send_string_data_current_pos
 This function uses a non-reentrant model


 *************** function _application_init *****************
 Defined at:
		line 83 in file "application.c"
 Parameters:    Size  Location     Type
		None
 Auto vars:     Size  Location     Type
		None
 Return value:  Size  Location     Type
                  1    wreg      void 
 Registers used:
		wreg, fsr2l, fsr2h, status,2, status,0, prodl, prodh, cstack
 Tracked objects:
		On entry : 
		On exit  : 
		Unchanged: 
 Data sizes:     COMRAM   BANK0   BANK1   BANK2   BANK3   BANK4   BANK5   BANK6   BANK7   BANK8   BANK9  BANK10  BANK11  BANK12  BANK13  BANK14  BANK15
      Params:         0       0       0       0       0       0       0       0       0       0       0       0       0       0       0       0       0
      Locals:         0       0       0       0       0       0       0       0       0       0       0       0       0       0       0       0       0
      Temps:          0       0       0       0       0       0       0       0       0       0       0       0       0       0       0       0       0
      Totals:         0       0       0       0       0       0       0       0       0       0       0       0       0       0       0       0       0
Total ram usage:        0 bytes
 Hardware stack levels used:    1
 Hardware stack levels required when called:    5
 This function calls:
		_lcd_intialize
 This function is called by:
		_main
 This function uses a non-reentrant model


 *************** function _lcd_intialize *****************
 Defined at:
		line 121 in file "ecu/char_lcd/ecu_char_lcd.c"
 Parameters:    Size  Location     Type
  _lcd            2   19[COMRAM] PTR const struct .
		 -> lcd_1(4), 
 Auto vars:     Size  Location     Type
		None
 Return value:  Size  Location     Type
                  1    wreg      enum E2756
 Registers used:
		wreg, fsr2l, fsr2h, status,2, status,0, prodl, prodh, cstack
 Tracked objects:
		On entry : 
		On exit  : 
		Unchanged: 
 Data sizes:     COMRAM   BANK0   BANK1   BANK2   BANK3   BANK4   BANK5   BANK6   BANK7   BANK8   BANK9  BANK10  BANK11  BANK12  BANK13  BANK14  BANK15
      Params:         2       0       0       0       0       0       0       0       0       0       0       0       0       0       0       0       0
      Locals:         0       0       0       0       0       0       0       0       0       0       0       0       0       0       0       0       0
      Temps:          0       0       0       0       0       0       0       0       0       0       0       0       0       0       0       0       0
      Totals:         2       0       0       0       0       0       0       0       0       0       0       0       0       0       0       0       0
Total ram usage:        2 bytes
 Hardware stack levels used:    1
 Hardware stack levels required when called:    4
 This function calls:
		_lcd_8bit_intialize
 This function is called by:
		_application_init
 This function uses a non-reentrant model


 *************** function _lcd_8bit_intialize *****************
 Defined at:
		line 64 in file "ecu/char_lcd/ecu_char_lcd.c"
 Parameters:    Size  Location     Type
  _lcd            2   16[COMRAM] PTR const struct .
		 -> lcd_1(4), 
 Auto vars:     Size  Location     Type
		None
 Return value:  Size  Location     Type
                  1    wreg      void 
 Registers used:
		wreg, fsr2l, fsr2h, status,2, status,0, prodl, prodh, cstack
 Tracked objects:
		On entry : 
		On exit  : 
		Unchanged: 
 Data sizes:     COMRAM   BANK0   BANK1   BANK2   BANK3   BANK4   BANK5   BANK6   BANK7   BANK8   BANK9  BANK10  BANK11  BANK12  BANK13  BANK14  BANK15
      Params:         2       0       0       0       0       0       0       0       0       0       0       0       0       0       0       0       0
      Locals:         0       0       0       0       0       0       0       0       0       0       0       0       0       0       0       0       0
      Temps:          1       0       0       0       0       0       0       0       0       0       0       0       0       0       0       0       0
      Totals:         3       0       0       0       0       0       0       0       0       0       0       0       0       0       0       0       0
Total ram usage:        3 bytes
 Hardware stack levels used:    1
 Hardware stack levels required when called:    3
 This function calls:
		_gpio_pin_direction_intialize
		_gpio_pin_write_value
		_gpio_port_direction_intialize
		_gpio_port_write_value
		_lcd_send_command
 This function is called by:
		_lcd_intialize
 This function uses a non-reentrant model


 *************** function _lcd_send_command *****************
 Defined at:
		line 135 in file "ecu/char_lcd/ecu_char_lcd.c"
 Parameters:    Size  Location     Type
  _lcd            2   11[COMRAM] PTR const struct .
		 -> lcd_1(4), 
  command         1   13[COMRAM] unsigned char 
 Auto vars:     Size  Location     Type
  ret             1    0        enum E2756
 Return value:  Size  Location     Type
                  1    wreg      enum E2756
 Registers used:
		wreg, fsr2l, fsr2h, status,2, status,0, prodl, prodh, cstack
 Tracked objects:
		On entry : 
		On exit  : 
		Unchanged: 
 Data sizes:     COMRAM   BANK0   BANK1   BANK2   BANK3   BANK4   BANK5   BANK6   BANK7   BANK8   BANK9  BANK10  BANK11  BANK12  BANK13  BANK14  BANK15
      Params:         3       0       0       0       0       0       0       0       0       0       0       0       0       0       0       0       0
      Locals:         1       0       0       0       0       0       0       0       0       0       0       0       0       0       0       0       0
      Temps:          1       0       0       0       0       0       0       0       0       0       0       0       0       0       0       0       0
      Totals:         5       0       0       0       0       0       0       0       0       0       0       0       0       0       0       0       0
Total ram usage:        5 bytes
 Hardware stack levels used:    1
 Hardware stack levels required when called:    2
 This function calls:
		_gpio_pin_write_value
		_gpio_port_write_value
		_lcd_send_enable
 This function is called by:
		_lcd_set_cursor
		_lcd_8bit_intialize
		_lcd_send_char_data_pos
		_lcd_send_string_data_pos
		_lcd_send_custome_char
		_lcd_clear_display
 This function uses a non-reentrant model


 *************** function _lcd_send_enable *****************
 Defined at:
		line 16 in file "ecu/char_lcd/ecu_char_lcd.c"
 Parameters:    Size  Location     Type
  _lcd            2    9[COMRAM] PTR const struct .
		 -> lcd_1(4), 
 Auto vars:     Size  Location     Type
		None
 Return value:  Size  Location     Type
                  1    wreg      void 
 Registers used:
		wreg, fsr2l, fsr2h, status,2, status,0, prodl, prodh, cstack
 Tracked objects:
		On entry : 
		On exit  : 
		Unchanged: 
 Data sizes:     COMRAM   BANK0   BANK1   BANK2   BANK3   BANK4   BANK5   BANK6   BANK7   BANK8   BANK9  BANK10  BANK11  BANK12  BANK13  BANK14  BANK15
      Params:         2       0       0       0       0       0       0       0       0       0       0       0       0       0       0       0       0
      Locals:         0       0       0       0       0       0       0       0       0       0       0       0       0       0       0       0       0
      Temps:          0       0       0       0       0       0       0       0       0       0       0       0       0       0       0       0       0
      Totals:         2       0       0       0       0       0       0       0       0       0       0       0       0       0       0       0       0
Total ram usage:        2 bytes
 Hardware stack levels used:    1
 Hardware stack levels required when called:    1
 This function calls:
		_gpio_pin_write_value
 This function is called by:
		_lcd_send_command
		_lcd_send_char_data
 This function uses a non-reentrant model


 *************** function _gpio_pin_write_value *****************
 Defined at:
		line 92 in file "mcal/gpio/mcal_gpio.c"
 Parameters:    Size  Location     Type
  port            1    wreg     enum E2460
  pin             1    0[COMRAM] enum E2450
  logic           1    1[COMRAM] enum E2442
 Auto vars:     Size  Location     Type
  port            1    8[COMRAM] enum E2460
  ret             1    0        enum E2438
 Return value:  Size  Location     Type
                  1    wreg      enum E2438
 Registers used:
		wreg, fsr2l, fsr2h, status,2, status,0, prodl, prodh
 Tracked objects:
		On entry : 
		On exit  : 
		Unchanged: 
 Data sizes:     COMRAM   BANK0   BANK1   BANK2   BANK3   BANK4   BANK5   BANK6   BANK7   BANK8   BANK9  BANK10  BANK11  BANK12  BANK13  BANK14  BANK15
      Params:         2       0       0       0       0       0       0       0       0       0       0       0       0       0       0       0       0
      Locals:         2       0       0       0       0       0       0       0       0       0       0       0       0       0       0       0       0
      Temps:          5       0       0       0       0       0       0       0       0       0       0       0       0       0       0       0       0
      Totals:         9       0       0       0       0       0       0       0       0       0       0       0       0       0       0       0       0
Total ram usage:        9 bytes
 Hardware stack levels used:    1
 This function calls:
		Nothing
 This function is called by:
		_lcd_send_enable
		_lcd_8bit_intialize
		_lcd_send_command
		_lcd_send_char_data
		_led_initialize
		_led_turn_on
		_led_turn_off
		_relay_initialize
		_relay_turn_on
		_relay_turn_off
 This function uses a non-reentrant model


 *************** function _gpio_port_write_value *****************
 Defined at:
		line 206 in file "mcal/gpio/mcal_gpio.c"
 Parameters:    Size  Location     Type
  port            1    wreg     enum E2460
  value           1    0[COMRAM] unsigned char 
 Auto vars:     Size  Location     Type
  port            1    4[COMRAM] enum E2460
  ret             1    0        enum E2438
 Return value:  Size  Location     Type
                  1    wreg      enum E2438
 Registers used:
		wreg, fsr2l, fsr2h, status,2, status,0, prodl, prodh
 Tracked objects:
		On entry : 
		On exit  : 
		Unchanged: 
 Data sizes:     COMRAM   BANK0   BANK1   BANK2   BANK3   BANK4   BANK5   BANK6   BANK7   BANK8   BANK9  BANK10  BANK11  BANK12  BANK13  BANK14  BANK15
      Params:         1       0       0       0       0       0       0       0       0       0       0       0       0       0       0       0       0
      Locals:         2       0       0       0       0       0       0       0       0       0       0       0       0       0       0       0       0
      Temps:          2       0       0       0       0       0       0       0       0       0       0       0       0       0       0       0       0
      Totals:         5       0       0       0       0       0       0       0       0       0       0       0       0       0       0       0       0
Total ram usage:        5 bytes
 Hardware stack levels used:    1
 This function calls:
		Nothing
 This function is called by:
		_lcd_8bit_intialize
		_lcd_send_command
		_lcd_send_char_data
 This function uses a non-reentrant model


 *************** function _gpio_port_direction_intialize *****************
 Defined at:
		line 160 in file "mcal/gpio/mcal_gpio.c"
 Parameters:    Size  Location     Type
  port            1    wreg     enum E2460
  direction       1    0[COMRAM] enum E2446
 Auto vars:     Size  Location     Type
  port            1    4[COMRAM] enum E2460
  ret             1    0        enum E2438
 Return value:  Size  Location     Type
                  1    wreg      enum E2438
 Registers used:
		wreg, fsr2l, fsr2h, status,2, status,0, prodl, prodh
 Tracked objects:
		On entry : 
		On exit  : 
		Unchanged: 
 Data sizes:     COMRAM   BANK0   BANK1   BANK2   BANK3   BANK4   BANK5   BANK6   BANK7   BANK8   BANK9  BANK10  BANK11  BANK12  BANK13  BANK14  BANK15
      Params:         1       0       0       0       0       0       0       0       0       0       0       0       0       0       0       0       0
      Locals:         2       0       0       0       0       0       0       0       0       0       0       0       0       0       0       0       0
      Temps:          2       0       0       0       0       0       0       0       0       0       0       0       0       0       0       0       0
      Totals:         5       0       0       0       0       0       0       0       0       0       0       0       0       0       0       0       0
Total ram usage:        5 bytes
 Hardware stack levels used:    1
 This function calls:
		Nothing
 This function is called by:
		_lcd_8bit_intialize
 This function uses a non-reentrant model


 *************** function _gpio_pin_direction_intialize *****************
 Defined at:
		line 42 in file "mcal/gpio/mcal_gpio.c"
 Parameters:    Size  Location     Type
  port            1    wreg     enum E2460
  pin             1    0[COMRAM] enum E2450
  direction       1    1[COMRAM] enum E2446
 Auto vars:     Size  Location     Type
  port            1    8[COMRAM] enum E2460
  ret             1    0        enum E2438
 Return value:  Size  Location     Type
                  1    wreg      enum E2438
 Registers used:
		wreg, fsr2l, fsr2h, status,2, status,0, prodl, prodh
 Tracked objects:
		On entry : 
		On exit  : 
		Unchanged: 
 Data sizes:     COMRAM   BANK0   BANK1   BANK2   BANK3   BANK4   BANK5   BANK6   BANK7   BANK8   BANK9  BANK10  BANK11  BANK12  BANK13  BANK14  BANK15
      Params:         2       0       0       0       0       0       0       0       0       0       0       0       0       0       0       0       0
      Locals:         2       0       0       0       0       0       0       0       0       0       0       0       0       0       0       0       0
      Temps:          5       0       0       0       0       0       0       0       0       0       0       0       0       0       0       0       0
      Totals:         9       0       0       0       0       0       0       0       0       0       0       0       0       0       0       0       0
Total ram usage:        9 bytes
 Hardware stack levels used:    1
 This function calls:
		Nothing
 This function is called by:
		_lcd_8bit_intialize
		_button_initialize
		_led_initialize
		_relay_initialize
 This function uses a non-reentrant model



MODULE INFORMATION

Module		Function		Class		Link	Load	Size
mcal/gpio/mcal_gpio.c
		_gpio_pin_write_value		CODE           	1434	0000	201
		_gpio_port_direction_intialize		CODE           	16F4	0000	147
		_gpio_port_write_value		CODE           	197C	0000	61
		_gpio_pin_direction_intialize		CODE           	14FC	0000	201

mcal/gpio/mcal_gpio.c estimated size: 610

ecu/char_lcd/ecu_char_lcd.c
		_lcd_8bit_intialize		CODE           	12B6	0000	383
		_lcd_send_command		CODE           	1808	0000	113
		_lcd_send_char_data		CODE           	1878	0000	99
		_lcd_set_cursor		CODE           	15C4	0000	155
		_lcd_send_enable		CODE           	18DA	0000	87
		_lcd_intialize 		CODE           	1A12	0000	15
		_lcd_send_custome_char		CODE           	165E	0000	151
		_lcd_send_char_data_pos		CODE           	1930	0000	77
		_lcd_send_string_data_pos		CODE           	1786	0000	131

ecu/char_lcd/ecu_char_lcd.c estimated size: 1211

shared
		_blt           		SMALLCONST     	1059	0000	9
		__initialization		CODE           	19B8	0000	33
		_mesg1         		SMALLCONST     	1031	0000	9
		_Shab          		SMALLCONST     	1051	0000	9
		_mesg2         		SMALLCONST     	1029	0000	9
		_character1    		SMALLCONST     	1021	0000	9
		_character2    		SMALLCONST     	1019	0000	9
		_character3    		SMALLCONST     	1011	0000	9
		_character4    		SMALLCONST     	1009	0000	9
		_character5    		SMALLCONST     	1001	0000	9
		_character6    		SMALLCONST     	1061	0000	9
		_shab_bat1     		SMALLCONST     	1049	0000	9
		_shab_bat2     		SMALLCONST     	1041	0000	9
		_shab_bat3     		SMALLCONST     	1039	0000	9

shared estimated size: 150

application.c
		_main          		CODE           	1096	0000	545
		_application_init		CODE           	1A04	0000	15

application.c estimated size: 560

